987538117 
986798949 1648582593 
972443421 
986798949 1648582593 
853379183 
352453281 1105837348 
352453281 560846881 
352453281 1724562838 
760205555 
927181579 1240975228 
52985593 98476963 323954313 671967460 1418292974 1517983136 
122754600 443970378 575412853 672592083 878856398 1178062274 1710456454 
122754600 443970378 575412853 672592083 878856398 1178062274 1710456454 
1282766225 1323808033 1648582593 2130452841 
278645838 541340633 1452793068 1494293935 1499159681 1760671866 1909720016 2140971226 
367856706 1205196214 1692369308 1990284209 
1244123364 1294474073 1829652243 
594265846 1110496471 1163861793 1468380467 1605625620 1667346347 
327490106 600948675 947152174 1009392010 
594265846 1110496471 1163861793 1468380467 1605625620 1667346347 
